// Vitest Snapshot v1, https://vitest.dev/guide/snapshot.html

exports[`HabitList > should render a list of HabitCards 1`] = `
<ul
  aria-label="Lista de Hábitos"
  class="flex flex-col"
>
  <li>
    <label
      aria-checked="false"
      class="
        
        flex items-center gap-8 p-4 mb-4 rounded-lg bg-gray-50
        cursor-pointer hover:shadow-md select-none focus:outline-primary
     "
      for="32fa899f-d311-43a8-a35b-373d65d55683"
      tabindex="0"
    >
      <div
        class="inline-flex items-center relative "
      >
        <input
          aria-labelledby="Ler 10 páginas-label"
          class="peer cursor-pointer appearance-none h-6 w-6 border rounded-lg border-primary checked:bg-primary"
          id="32fa899f-d311-43a8-a35b-373d65d55683"
          tabindex="-1"
          type="checkbox"
        />
        <span
          class="absolute text-white opacity-0 peer-checked:opacity-100 top-1/2 left-1/2 transform -translate-x-1/2 -translate-y-1/2 pointer-events-none"
        >
          <svg
            class="h-3.5 w-3.5"
            fill="currentColor"
            stroke="currentColor"
            stroke-width="1"
            viewBox="0 0 20 20"
            xmlns="http://www.w3.org/2000/svg"
          >
            <path
              clip-rule="evenodd"
              d="M16.707 5.293a1 1 0 010 1.414l-8 8a1 1 0 01-1.414 0l-4-4a1 1 0 011.414-1.414L8 12.586l7.293-7.293a1 1 0 011.414 0z"
              fill-rule="evenodd"
            />
          </svg>
        </span>
      </div>
      <div
        class="flex flex-col gap-1"
      >
        <h2
          id="Ler 10 páginas-label"
        >
          Ler 10 páginas
        </h2>
        <ul
          aria-live="polite"
          class="flex space-x-2"
        />
      </div>
      <section
        aria-label="Ações do Hábito Ler 10 páginas"
        class="ml-auto"
      >
        <button
          aria-label="Deletar Hábito Ler 10 páginas"
          class="cursor-pointer group"
        >
          <svg
            class="text-primary size-6 hover:text-primary--hovered hover:stroke-2"
            fill="none"
            stroke="currentColor"
            stroke-width="1.5"
            viewBox="0 0 24 24"
            xmlns="http://www.w3.org/2000/svg"
          >
            <path
              d="m14.74 9-.346 9m-4.788 0L9.26 9m9.968-3.21c.342.052.682.107 1.022.166m-1.022-.165L18.16 19.673a2.25 2.25 0 0 1-2.244 2.077H8.084a2.25 2.25 0 0 1-2.244-2.077L4.772 5.79m14.456 0a48.108 48.108 0 0 0-3.478-.397m-12 .562c.34-.059.68-.114 1.022-.165m0 0a48.11 48.11 0 0 1 3.478-.397m7.5 0v-.916c0-1.18-.91-2.164-2.09-2.201a51.964 51.964 0 0 0-3.32 0c-1.18.037-2.09 1.022-2.09 2.201v.916m7.5 0a48.667 48.667 0 0 0-7.5 0"
              stroke-linecap="round"
              stroke-linejoin="round"
            />
          </svg>
        </button>
      </section>
    </label>
  </li>
  <li>
    <label
      aria-checked="true"
      class="
        
        flex items-center gap-8 p-4 mb-4 rounded-lg bg-gray-50
        cursor-pointer hover:shadow-md select-none focus:outline-primary
     "
      for="2125f647-6082-4bce-887d-eeeaee131fed"
      tabindex="0"
    >
      <div
        class="inline-flex items-center relative "
      >
        <input
          aria-labelledby="Caminhar 30 minutos-label"
          checked=""
          class="peer cursor-pointer appearance-none h-6 w-6 border rounded-lg border-primary checked:bg-primary"
          id="2125f647-6082-4bce-887d-eeeaee131fed"
          tabindex="-1"
          type="checkbox"
        />
        <span
          class="absolute text-white opacity-0 peer-checked:opacity-100 top-1/2 left-1/2 transform -translate-x-1/2 -translate-y-1/2 pointer-events-none"
        >
          <svg
            class="h-3.5 w-3.5"
            fill="currentColor"
            stroke="currentColor"
            stroke-width="1"
            viewBox="0 0 20 20"
            xmlns="http://www.w3.org/2000/svg"
          >
            <path
              clip-rule="evenodd"
              d="M16.707 5.293a1 1 0 010 1.414l-8 8a1 1 0 01-1.414 0l-4-4a1 1 0 011.414-1.414L8 12.586l7.293-7.293a1 1 0 011.414 0z"
              fill-rule="evenodd"
            />
          </svg>
        </span>
      </div>
      <div
        class="flex flex-col gap-1"
      >
        <h2
          id="Caminhar 30 minutos-label"
        >
          Caminhar 30 minutos
        </h2>
        <ul
          aria-live="polite"
          class="flex space-x-2"
        >
          <li
            aria-label="Tag: Saúde"
            class="text-xs p-1 rounded-sm bg-red-100 text-primary font-mono"
          >
            Saúde
          </li>
        </ul>
      </div>
      <section
        aria-label="Ações do Hábito Caminhar 30 minutos"
        class="ml-auto"
      >
        <button
          aria-label="Deletar Hábito Caminhar 30 minutos"
          class="cursor-pointer group"
        >
          <svg
            class="text-primary size-6 hover:text-primary--hovered hover:stroke-2"
            fill="none"
            stroke="currentColor"
            stroke-width="1.5"
            viewBox="0 0 24 24"
            xmlns="http://www.w3.org/2000/svg"
          >
            <path
              d="m14.74 9-.346 9m-4.788 0L9.26 9m9.968-3.21c.342.052.682.107 1.022.166m-1.022-.165L18.16 19.673a2.25 2.25 0 0 1-2.244 2.077H8.084a2.25 2.25 0 0 1-2.244-2.077L4.772 5.79m14.456 0a48.108 48.108 0 0 0-3.478-.397m-12 .562c.34-.059.68-.114 1.022-.165m0 0a48.11 48.11 0 0 1 3.478-.397m7.5 0v-.916c0-1.18-.91-2.164-2.09-2.201a51.964 51.964 0 0 0-3.32 0c-1.18.037-2.09 1.022-2.09 2.201v.916m7.5 0a48.667 48.667 0 0 0-7.5 0"
              stroke-linecap="round"
              stroke-linejoin="round"
            />
          </svg>
        </button>
      </section>
    </label>
  </li>
  <li>
    <label
      aria-checked="true"
      class="
        
        flex items-center gap-8 p-4 mb-4 rounded-lg bg-gray-50
        cursor-pointer hover:shadow-md select-none focus:outline-primary
     "
      for="aad9a682-33fd-4742-836a-931b9524ff1f"
      tabindex="0"
    >
      <div
        class="inline-flex items-center relative "
      >
        <input
          aria-labelledby="Brincar com meu Gato-label"
          checked=""
          class="peer cursor-pointer appearance-none h-6 w-6 border rounded-lg border-primary checked:bg-primary"
          id="aad9a682-33fd-4742-836a-931b9524ff1f"
          tabindex="-1"
          type="checkbox"
        />
        <span
          class="absolute text-white opacity-0 peer-checked:opacity-100 top-1/2 left-1/2 transform -translate-x-1/2 -translate-y-1/2 pointer-events-none"
        >
          <svg
            class="h-3.5 w-3.5"
            fill="currentColor"
            stroke="currentColor"
            stroke-width="1"
            viewBox="0 0 20 20"
            xmlns="http://www.w3.org/2000/svg"
          >
            <path
              clip-rule="evenodd"
              d="M16.707 5.293a1 1 0 010 1.414l-8 8a1 1 0 01-1.414 0l-4-4a1 1 0 011.414-1.414L8 12.586l7.293-7.293a1 1 0 011.414 0z"
              fill-rule="evenodd"
            />
          </svg>
        </span>
      </div>
      <div
        class="flex flex-col gap-1"
      >
        <h2
          id="Brincar com meu Gato-label"
        >
          Brincar com meu Gato
        </h2>
        <ul
          aria-live="polite"
          class="flex space-x-2"
        >
          <li
            aria-label="Tag: Pets"
            class="text-xs p-1 rounded-sm bg-red-100 text-primary font-mono"
          >
            Pets
          </li>
          <li
            aria-label="Tag: Gato"
            class="text-xs p-1 rounded-sm bg-red-100 text-primary font-mono"
          >
            Gato
          </li>
        </ul>
      </div>
      <section
        aria-label="Ações do Hábito Brincar com meu Gato"
        class="ml-auto"
      >
        <button
          aria-label="Deletar Hábito Brincar com meu Gato"
          class="cursor-pointer group"
        >
          <svg
            class="text-primary size-6 hover:text-primary--hovered hover:stroke-2"
            fill="none"
            stroke="currentColor"
            stroke-width="1.5"
            viewBox="0 0 24 24"
            xmlns="http://www.w3.org/2000/svg"
          >
            <path
              d="m14.74 9-.346 9m-4.788 0L9.26 9m9.968-3.21c.342.052.682.107 1.022.166m-1.022-.165L18.16 19.673a2.25 2.25 0 0 1-2.244 2.077H8.084a2.25 2.25 0 0 1-2.244-2.077L4.772 5.79m14.456 0a48.108 48.108 0 0 0-3.478-.397m-12 .562c.34-.059.68-.114 1.022-.165m0 0a48.11 48.11 0 0 1 3.478-.397m7.5 0v-.916c0-1.18-.91-2.164-2.09-2.201a51.964 51.964 0 0 0-3.32 0c-1.18.037-2.09 1.022-2.09 2.201v.916m7.5 0a48.667 48.667 0 0 0-7.5 0"
              stroke-linecap="round"
              stroke-linejoin="round"
            />
          </svg>
        </button>
      </section>
    </label>
  </li>
  <li>
    <label
      aria-checked="false"
      class="
        
        flex items-center gap-8 p-4 mb-4 rounded-lg bg-gray-50
        cursor-pointer hover:shadow-md select-none focus:outline-primary
     "
      for="32fa899f-d311-43a8-a35b-373d65d55643"
      tabindex="0"
    >
      <div
        class="inline-flex items-center relative "
      >
        <input
          aria-labelledby="Ler 10 páginas-label"
          class="peer cursor-pointer appearance-none h-6 w-6 border rounded-lg border-primary checked:bg-primary"
          id="32fa899f-d311-43a8-a35b-373d65d55643"
          tabindex="-1"
          type="checkbox"
        />
        <span
          class="absolute text-white opacity-0 peer-checked:opacity-100 top-1/2 left-1/2 transform -translate-x-1/2 -translate-y-1/2 pointer-events-none"
        >
          <svg
            class="h-3.5 w-3.5"
            fill="currentColor"
            stroke="currentColor"
            stroke-width="1"
            viewBox="0 0 20 20"
            xmlns="http://www.w3.org/2000/svg"
          >
            <path
              clip-rule="evenodd"
              d="M16.707 5.293a1 1 0 010 1.414l-8 8a1 1 0 01-1.414 0l-4-4a1 1 0 011.414-1.414L8 12.586l7.293-7.293a1 1 0 011.414 0z"
              fill-rule="evenodd"
            />
          </svg>
        </span>
      </div>
      <div
        class="flex flex-col gap-1"
      >
        <h2
          id="Ler 10 páginas-label"
        >
          Ler 10 páginas
        </h2>
        <ul
          aria-live="polite"
          class="flex space-x-2"
        />
      </div>
      <section
        aria-label="Ações do Hábito Ler 10 páginas"
        class="ml-auto"
      >
        <button
          aria-label="Deletar Hábito Ler 10 páginas"
          class="cursor-pointer group"
        >
          <svg
            class="text-primary size-6 hover:text-primary--hovered hover:stroke-2"
            fill="none"
            stroke="currentColor"
            stroke-width="1.5"
            viewBox="0 0 24 24"
            xmlns="http://www.w3.org/2000/svg"
          >
            <path
              d="m14.74 9-.346 9m-4.788 0L9.26 9m9.968-3.21c.342.052.682.107 1.022.166m-1.022-.165L18.16 19.673a2.25 2.25 0 0 1-2.244 2.077H8.084a2.25 2.25 0 0 1-2.244-2.077L4.772 5.79m14.456 0a48.108 48.108 0 0 0-3.478-.397m-12 .562c.34-.059.68-.114 1.022-.165m0 0a48.11 48.11 0 0 1 3.478-.397m7.5 0v-.916c0-1.18-.91-2.164-2.09-2.201a51.964 51.964 0 0 0-3.32 0c-1.18.037-2.09 1.022-2.09 2.201v.916m7.5 0a48.667 48.667 0 0 0-7.5 0"
              stroke-linecap="round"
              stroke-linejoin="round"
            />
          </svg>
        </button>
      </section>
    </label>
  </li>
  <li>
    <label
      aria-checked="false"
      class="
        
        flex items-center gap-8 p-4 mb-4 rounded-lg bg-gray-50
        cursor-pointer hover:shadow-md select-none focus:outline-primary
     "
      for="2125f647-6082-4bce-887d-eeeaee131fdd"
      tabindex="0"
    >
      <div
        class="inline-flex items-center relative "
      >
        <input
          aria-labelledby="Caminhar 30 minutos-label"
          class="peer cursor-pointer appearance-none h-6 w-6 border rounded-lg border-primary checked:bg-primary"
          id="2125f647-6082-4bce-887d-eeeaee131fdd"
          tabindex="-1"
          type="checkbox"
        />
        <span
          class="absolute text-white opacity-0 peer-checked:opacity-100 top-1/2 left-1/2 transform -translate-x-1/2 -translate-y-1/2 pointer-events-none"
        >
          <svg
            class="h-3.5 w-3.5"
            fill="currentColor"
            stroke="currentColor"
            stroke-width="1"
            viewBox="0 0 20 20"
            xmlns="http://www.w3.org/2000/svg"
          >
            <path
              clip-rule="evenodd"
              d="M16.707 5.293a1 1 0 010 1.414l-8 8a1 1 0 01-1.414 0l-4-4a1 1 0 011.414-1.414L8 12.586l7.293-7.293a1 1 0 011.414 0z"
              fill-rule="evenodd"
            />
          </svg>
        </span>
      </div>
      <div
        class="flex flex-col gap-1"
      >
        <h2
          id="Caminhar 30 minutos-label"
        >
          Caminhar 30 minutos
        </h2>
        <ul
          aria-live="polite"
          class="flex space-x-2"
        >
          <li
            aria-label="Tag: Saúde"
            class="text-xs p-1 rounded-sm bg-red-100 text-primary font-mono"
          >
            Saúde
          </li>
        </ul>
      </div>
      <section
        aria-label="Ações do Hábito Caminhar 30 minutos"
        class="ml-auto"
      >
        <button
          aria-label="Deletar Hábito Caminhar 30 minutos"
          class="cursor-pointer group"
        >
          <svg
            class="text-primary size-6 hover:text-primary--hovered hover:stroke-2"
            fill="none"
            stroke="currentColor"
            stroke-width="1.5"
            viewBox="0 0 24 24"
            xmlns="http://www.w3.org/2000/svg"
          >
            <path
              d="m14.74 9-.346 9m-4.788 0L9.26 9m9.968-3.21c.342.052.682.107 1.022.166m-1.022-.165L18.16 19.673a2.25 2.25 0 0 1-2.244 2.077H8.084a2.25 2.25 0 0 1-2.244-2.077L4.772 5.79m14.456 0a48.108 48.108 0 0 0-3.478-.397m-12 .562c.34-.059.68-.114 1.022-.165m0 0a48.11 48.11 0 0 1 3.478-.397m7.5 0v-.916c0-1.18-.91-2.164-2.09-2.201a51.964 51.964 0 0 0-3.32 0c-1.18.037-2.09 1.022-2.09 2.201v.916m7.5 0a48.667 48.667 0 0 0-7.5 0"
              stroke-linecap="round"
              stroke-linejoin="round"
            />
          </svg>
        </button>
      </section>
    </label>
  </li>
  <li>
    <label
      aria-checked="false"
      class="
        
        flex items-center gap-8 p-4 mb-4 rounded-lg bg-gray-50
        cursor-pointer hover:shadow-md select-none focus:outline-primary
     "
      for="aad9a682-33fd-4742-836a-931b9524sf1f"
      tabindex="0"
    >
      <div
        class="inline-flex items-center relative "
      >
        <input
          aria-labelledby="Brincar com meu Gato-label"
          class="peer cursor-pointer appearance-none h-6 w-6 border rounded-lg border-primary checked:bg-primary"
          id="aad9a682-33fd-4742-836a-931b9524sf1f"
          tabindex="-1"
          type="checkbox"
        />
        <span
          class="absolute text-white opacity-0 peer-checked:opacity-100 top-1/2 left-1/2 transform -translate-x-1/2 -translate-y-1/2 pointer-events-none"
        >
          <svg
            class="h-3.5 w-3.5"
            fill="currentColor"
            stroke="currentColor"
            stroke-width="1"
            viewBox="0 0 20 20"
            xmlns="http://www.w3.org/2000/svg"
          >
            <path
              clip-rule="evenodd"
              d="M16.707 5.293a1 1 0 010 1.414l-8 8a1 1 0 01-1.414 0l-4-4a1 1 0 011.414-1.414L8 12.586l7.293-7.293a1 1 0 011.414 0z"
              fill-rule="evenodd"
            />
          </svg>
        </span>
      </div>
      <div
        class="flex flex-col gap-1"
      >
        <h2
          id="Brincar com meu Gato-label"
        >
          Brincar com meu Gato
        </h2>
        <ul
          aria-live="polite"
          class="flex space-x-2"
        >
          <li
            aria-label="Tag: Pets"
            class="text-xs p-1 rounded-sm bg-red-100 text-primary font-mono"
          >
            Pets
          </li>
          <li
            aria-label="Tag: Gato"
            class="text-xs p-1 rounded-sm bg-red-100 text-primary font-mono"
          >
            Gato
          </li>
        </ul>
      </div>
      <section
        aria-label="Ações do Hábito Brincar com meu Gato"
        class="ml-auto"
      >
        <button
          aria-label="Deletar Hábito Brincar com meu Gato"
          class="cursor-pointer group"
        >
          <svg
            class="text-primary size-6 hover:text-primary--hovered hover:stroke-2"
            fill="none"
            stroke="currentColor"
            stroke-width="1.5"
            viewBox="0 0 24 24"
            xmlns="http://www.w3.org/2000/svg"
          >
            <path
              d="m14.74 9-.346 9m-4.788 0L9.26 9m9.968-3.21c.342.052.682.107 1.022.166m-1.022-.165L18.16 19.673a2.25 2.25 0 0 1-2.244 2.077H8.084a2.25 2.25 0 0 1-2.244-2.077L4.772 5.79m14.456 0a48.108 48.108 0 0 0-3.478-.397m-12 .562c.34-.059.68-.114 1.022-.165m0 0a48.11 48.11 0 0 1 3.478-.397m7.5 0v-.916c0-1.18-.91-2.164-2.09-2.201a51.964 51.964 0 0 0-3.32 0c-1.18.037-2.09 1.022-2.09 2.201v.916m7.5 0a48.667 48.667 0 0 0-7.5 0"
              stroke-linecap="round"
              stroke-linejoin="round"
            />
          </svg>
        </button>
      </section>
    </label>
  </li>
</ul>
`;
